src/components/access/login-form.tsx(65,38): error TS2352: Conversion of type 'UnwrapOneLevelOfArray<UnwrapFieldValidateOrFn<"email", FieldValidateOrFn<{ email: string; password: string; }, "email", string> | undefined, ZodObject<{ email: ZodString; password: ZodString; }, $strip>>>' to type 'string' may be a mistake because neither type sufficiently overlaps with the other. If this was intentional, convert the expression to 'unknown' first.
  Type 'StandardSchemaV1Issue' is not comparable to type 'string'.
src/components/access/login-form.tsx(66,24): error TS2352: Conversion of type 'UnwrapOneLevelOfArray<UnwrapFieldValidateOrFn<"email", FieldValidateOrFn<{ email: string; password: string; }, "email", string> | undefined, ZodObject<{ email: ZodString; password: ZodString; }, $strip>>>' to type 'string' may be a mistake because neither type sufficiently overlaps with the other. If this was intentional, convert the expression to 'unknown' first.
  Type 'StandardSchemaV1Issue' is not comparable to type 'string'.
src/components/access/login-form.tsx(99,36): error TS2352: Conversion of type 'UnwrapOneLevelOfArray<UnwrapFieldValidateOrFn<"password", FieldValidateOrFn<{ email: string; password: string; }, "password", string> | undefined, ZodObject<{ email: ZodString; password: ZodString; }, $strip>>>' to type 'string' may be a mistake because neither type sufficiently overlaps with the other. If this was intentional, convert the expression to 'unknown' first.
  Type 'StandardSchemaV1Issue' is not comparable to type 'string'.
src/components/access/login-form.tsx(100,22): error TS2352: Conversion of type 'UnwrapOneLevelOfArray<UnwrapFieldValidateOrFn<"password", FieldValidateOrFn<{ email: string; password: string; }, "password", string> | undefined, ZodObject<{ email: ZodString; password: ZodString; }, $strip>>>' to type 'string' may be a mistake because neither type sufficiently overlaps with the other. If this was intentional, convert the expression to 'unknown' first.
  Type 'StandardSchemaV1Issue' is not comparable to type 'string'.
